<?xml version="1.0" encoding="UTF-8"?>
<TestRun id="a656e478-dc4f-4305-85f6-1749f359f229" name="Yaudi02@YAUDI 2015-11-02 17:03:39" runUser="YAUDI\Yaudi02" xmlns="http://microsoft.com/schemas/VisualStudio/TeamTest/2010">
  <TestSettings name="Local" id="3cf43bb4-15bc-4363-bde9-c4ace15e3d25">
    <Description>Esta es la configuración de pruebas predeterminada para una ejecución de pruebas local.</Description>
    <Deployment userDeploymentRoot="C:\Users\Yaudi02\Documents\Visual Studio 2010\Projects\Calculadora\TestResults" useDefaultDeploymentRoot="false" enabled="false" runDeploymentRoot="Yaudi02_YAUDI 2015-11-02 17_03_39">
      <DeploymentItem filename="C:\Users\Yaudi02\Documents\Visual Studio 2010\Projects\Calculadora\cnClaculadora\bin\Debug\cnClaculadora.dll" />
    </Deployment>
    <Execution>
      <TestTypeSpecific />
      <AgentRule name="Execution Agents">
      </AgentRule>
    </Execution>
  </TestSettings>
  <Times creation="2015-11-02T17:03:39.8661946-06:00" queuing="2015-11-02T17:03:39.9242199-06:00" start="2015-11-02T17:03:39.9472350-06:00" finish="2015-11-02T17:03:40.8848603-06:00" />
  <ResultSummary outcome="Inconclusive">
    <Counters total="1" executed="1" error="0" failed="0" timeout="0" aborted="0" inconclusive="1" passedButRunAborted="0" notRunnable="0" notExecuted="0" disconnected="0" warning="0" passed="0" completed="0" inProgress="0" pending="0" />
  </ResultSummary>
  <TestDefinitions>
    <UnitTest name="sumarNumerosTest" storage="c:\users\yaudi02\documents\visual studio 2010\projects\calculadora\calculadoratest\bin\debug\calculadoratest.dll" id="f0261c4f-67de-2792-b5a5-4b69e13822d1">
      <Execution id="66f1109f-ae37-42b7-9cd6-4aa4a2781a9c" />
      <TestMethod codeBase="C:/Users/Yaudi02/Documents/Visual Studio 2010/Projects/Calculadora/calculadoraTest/bin/Debug/calculadoraTest.DLL" adapterTypeName="Microsoft.VisualStudio.TestTools.TestTypes.Unit.UnitTestAdapter, Microsoft.VisualStudio.QualityTools.Tips.UnitTest.Adapter, Version=10.0.0.0, Culture=neutral, PublicKeyToken=b03f5f7f11d50a3a" className="calculadoraTest.LogicaTest, calculadoraTest, Version=1.0.0.0, Culture=neutral, PublicKeyToken=null" name="sumarNumerosTest" />
    </UnitTest>
  </TestDefinitions>
  <TestLists>
    <TestList name="Resultados que no están en la lista" id="8c84fa94-04c1-424b-9868-57a2d4851a1d" />
    <TestList name="Todos los resultados cargados" id="19431567-8539-422a-85d7-44ee4e166bda" />
  </TestLists>
  <TestEntries>
    <TestEntry testId="f0261c4f-67de-2792-b5a5-4b69e13822d1" executionId="66f1109f-ae37-42b7-9cd6-4aa4a2781a9c" testListId="8c84fa94-04c1-424b-9868-57a2d4851a1d" />
  </TestEntries>
  <Results>
    <UnitTestResult executionId="66f1109f-ae37-42b7-9cd6-4aa4a2781a9c" testId="f0261c4f-67de-2792-b5a5-4b69e13822d1" testName="sumarNumerosTest" computerName="YAUDI" duration="00:00:00.0957155" startTime="2015-11-02T17:03:39.9592461-06:00" endTime="2015-11-02T17:03:40.8328252-06:00" testType="13cdc9d9-ddb5-4fa4-a97d-d965ccfc6d4b" outcome="Inconclusive" testListId="8c84fa94-04c1-424b-9868-57a2d4851a1d" relativeResultsDirectory="66f1109f-ae37-42b7-9cd6-4aa4a2781a9c">
      <Output>
        <ErrorInfo>
          <Message>Error de Assert.Inconclusive. Compruebe la exactitud de este método de prueba.</Message>
          <StackTrace>   en calculadoraTest.LogicaTest.sumarNumerosTest() en C:\Users\Yaudi02\Documents\Visual Studio 2010\Projects\Calculadora\calculadoraTest\LogicaTest.cs:línea 96
</StackTrace>
        </ErrorInfo>
      </Output>
    </UnitTestResult>
  </Results>
</TestRun>